1 2 3 01 10 11 花2位搞 剩下的都是等差就行 正反都行 1 2 3 3 2 1 0 0 0
2 4 6 010 100 110 3位
4 8 12 0100 1000 1100 4位 
5 10 15 0101 1010 1111 4位(2,3)=0(1,3)=1(1,2)=2(2,3)=3 (0,0)=4
7 10 13 0111 1010 1101 4位
8 16 24 1000 10000 11000 5位
9 18 27 1001 10010 11011 5位 1 2 3
10 20 30 1010 10100 11110 5位 2 4 6
11 18 25 1011 10010 11001 5位 3 2 1 只有三位是自由
14 20 26 01110 10100 11010 5位 6 4 2 dp[i]=2*sum[i-2]+1
16 32 48 10000 100000 110000  11 10 01 3 2 1
18 36 54 10010 100100 110110        
19 34 49 10011 100010 110001 
20 40 60 10100 101000 111100 
21 42 63 10101 101010 111111 
22 36 50 10110 100100 110010 
23 42 61 10111 101010 111101 
28 40 52 11100 101000 110100 
29 42 55 11101 101010 110111 
31 42 53 11111 101010 110101 
32 64 96 100000 1000000 1100000 
33 66 99 100001 1000010 1100011 
34 68 102 100010 1000100 1100110 
35 66 97 100011 1000010 1100001 
36 72 108 100100 1001000 1101100 
37 74 111 100101 1001010 1101111 
38 68 98 100110 1000100 1100010 
39 74 109 100111 1001010 1101101 
40 80 120 101000 1010000 1111000 
41 82 123 101001 1010010 1111011 
42 84 126 101010 1010100 1111110 
43 82 121 101011 1010010 1111001 
44 72 100 101100 1001000 1100100 
45 74 103 101101 1001010 1100111 
46 84 122 101110 1010100 1111010 14 20 26 26 20 14 32 64 96 58 84 110
47 74 101 101111 1001010 1100101 15 10 5 32 64 96 a+3c a+b+2c a+2b+c
56 80 104 111000 1010000 1101000 32 64 96 24 16 8 a+c a+b+2c a+2b+3c
57 82 107 111001 1010010 1101011 
58 84 110 111010 1010100 1101110 
59 82 105 111011 1010010 1101001 
62 84 106 111110 1010100 1101010 
64 128 192 1000000 10000000 11000000 
65 130 195 1000001 10000010 11000011 
66 132 198 1000010 10000100 11000110 
67 130 193 1000011 10000010 11000001 
68 136 204 1000100 10001000 11001100 
69 138 207 1000101 10001010 11001111 
70 132 194 1000110 10000100 11000010 
71 138 205 1000111 10001010 11001101 
72 144 216 1001000 10010000 11011000 
73 146 219 1001001 10010010 11011011 
74 148 222 1001010 10010100 11011110 
75 146 217 1001011 10010010 11011001 
76 136 196 1001100 10001000 11000100 
77 138 199 1001101 10001010 11000111 
78 148 218 1001110 10010100 11011010 
79 138 197 1001111 10001010 11000101 
80 160 240 1010000 10100000 11110000 
81 162 243 1010001 10100010 11110011 
82 164 246 1010010 10100100 11110110 
83 162 241 1010011 10100010 11110001 
84 168 252 1010100 10101000 11111100 
85 170 255 1010101 10101010 11111111 
86 164 242 1010110 10100100 11110010 
87 170 253 1010111 10101010 11111101 
88 144 200 1011000 10010000 11001000 
89 146 203 1011001 10010010 11001011 
90 148 206 1011010 10010100 11001110 
91 146 201 1011011 10010010 11001001 
92 168 244 1011100 10101000 11110100 
93 170 247 1011101 10101010 11110111 
94 148 202 1011110 10010100 11001010 
95 170 245 1011111 10101010 11110101 
112 160 208 1110000 10100000 11010000 
113 162 211 1110001 10100010 11010011 
114 164 214 1110010 10100100 11010110 
115 162 209 1110011 10100010 11010001 
116 168 220 1110100 10101000 11011100 
117 170 223 1110101 10101010 11011111 
118 164 210 1110110 10100100 11010010 
119 170 221 1110111 10101010 11011101 
124 168 212 1111100 10101000 11010100 
125 170 215 1111101 10101010 11010111 
127 170 213 1111111 10101010 11010101 
128 256 384 10000000 100000000 110000000 
129 258 387 10000001 100000010 110000011 
130 260 390 10000010 100000100 110000110 
131 258 385 10000011 100000010 110000001 
132 264 396 10000100 100001000 110001100 
133 266 399 10000101 100001010 110001111 
134 260 386 10000110 100000100 110000010 
135 266 397 10000111 100001010 110001101 
136 272 408 10001000 100010000 110011000 
137 274 411 10001001 100010010 110011011 
138 276 414 10001010 100010100 110011110 
139 274 409 10001011 100010010 110011001 
140 264 388 10001100 100001000 110000100 
141 266 391 10001101 100001010 110000111 
142 276 410 10001110 100010100 110011010 
143 266 389 10001111 100001010 110000101 
144 288 432 10010000 100100000 110110000 
145 290 435 10010001 100100010 110110011 
146 292 438 10010010 100100100 110110110 
147 290 433 10010011 100100010 110110001 
148 296 444 10010100 100101000 110111100 
149 298 447 10010101 100101010 110111111 
150 292 434 10010110 100100100 110110010 
151 298 445 10010111 100101010 110111101 
152 272 392 10011000 100010000 110001000 
153 274 395 10011001 100010010 110001011 
154 276 398 10011010 100010100 110001110 
155 274 393 10011011 100010010 110001001 
156 296 436 10011100 100101000 110110100 
157 298 439 10011101 100101010 110110111 
158 276 394 10011110 100010100 110001010 
159 298 437 10011111 100101010 110110101 
160 320 480 10100000 101000000 111100000 
161 322 483 10100001 101000010 111100011 
162 324 486 10100010 101000100 111100110 
163 322 481 10100011 101000010 111100001 
164 328 492 10100100 101001000 111101100 
165 330 495 10100101 101001010 111101111 
166 324 482 10100110 101000100 111100010 
167 330 493 10100111 101001010 111101101 
168 336 504 10101000 101010000 111111000 
169 338 507 10101001 101010010 111111011 
170 340 510 10101010 101010100 111111110 
171 338 505 10101011 101010010 111111001 
172 328 484 10101100 101001000 111100100 
173 330 487 10101101 101001010 111100111 
174 340 506 10101110 101010100 111111010 
175 330 485 10101111 101001010 111100101 
176 288 400 10110000 100100000 110010000 
177 290 403 10110001 100100010 110010011 
178 292 406 10110010 100100100 110010110 
179 290 401 10110011 100100010 110010001 
180 296 412 10110100 100101000 110011100 
181 298 415 10110101 100101010 110011111 
182 292 402 10110110 100100100 110010010 
183 298 413 10110111 100101010 110011101 
184 336 488 10111000 101010000 111101000 
185 338 491 10111001 101010010 111101011 
186 340 494 10111010 101010100 111101110 
187 338 489 10111011 101010010 111101001 
188 296 404 10111100 100101000 110010100 
189 298 407 10111101 100101010 110010111 
190 340 490 10111110 101010100 111101010 
191 298 405 10111111 100101010 110010101 
224 320 416 11100000 101000000 110100000 
225 322 419 11100001 101000010 110100011 
226 324 422 11100010 101000100 110100110 
227 322 417 11100011 101000010 110100001 
228 328 428 11100100 101001000 110101100 
229 330 431 11100101 101001010 110101111 
230 324 418 11100110 101000100 110100010 
231 330 429 11100111 101001010 110101101 
232 336 440 11101000 101010000 110111000 
233 338 443 11101001 101010010 110111011 
234 340 446 11101010 101010100 110111110 
235 338 441 11101011 101010010 110111001 
236 328 420 11101100 101001000 110100100 
237 330 423 11101101 101001010 110100111 
238 340 442 11101110 101010100 110111010 
239 330 421 11101111 101001010 110100101 
248 336 424 11111000 101010000 110101000 
249 338 427 11111001 101010010 110101011 
250 340 430 11111010 101010100 110101110 
251 338 425 11111011 101010010 110101001 
254 340 426 11111110 101010100 110101010 
256 512 768 100000000 1000000000 1100000000 
257 514 771 100000001 1000000010 1100000011 
258 516 774 100000010 1000000100 1100000110 
259 514 769 100000011 1000000010 1100000001 
260 520 780 100000100 1000001000 1100001100 
261 522 783 100000101 1000001010 1100001111 
262 516 770 100000110 1000000100 1100000010 
263 522 781 100000111 1000001010 1100001101 
264 528 792 100001000 1000010000 1100011000 
265 530 795 100001001 1000010010 1100011011 
266 532 798 100001010 1000010100 1100011110 
267 530 793 100001011 1000010010 1100011001 
268 520 772 100001100 1000001000 1100000100 
269 522 775 100001101 1000001010 1100000111 
270 532 794 100001110 1000010100 1100011010 
271 522 773 100001111 1000001010 1100000101 
272 544 816 100010000 1000100000 1100110000 
273 546 819 100010001 1000100010 1100110011 
274 548 822 100010010 1000100100 1100110110 
275 546 817 100010011 1000100010 1100110001 
276 552 828 100010100 1000101000 1100111100 
277 554 831 100010101 1000101010 1100111111 
278 548 818 100010110 1000100100 1100110010 
279 554 829 100010111 1000101010 1100111101 
280 528 776 100011000 1000010000 1100001000 
281 530 779 100011001 1000010010 1100001011 
282 532 782 100011010 1000010100 1100001110 
283 530 777 100011011 1000010010 1100001001 
284 552 820 100011100 1000101000 1100110100 
285 554 823 100011101 1000101010 1100110111 
286 532 778 100011110 1000010100 1100001010 
287 554 821 100011111 1000101010 1100110101 
288 576 864 100100000 1001000000 1101100000 
289 578 867 100100001 1001000010 1101100011 
290 580 870 100100010 1001000100 1101100110 
291 578 865 100100011 1001000010 1101100001 
292 584 876 100100100 1001001000 1101101100 
293 586 879 100100101 1001001010 1101101111 
294 580 866 100100110 1001000100 1101100010 
295 586 877 100100111 1001001010 1101101101 
296 592 888 100101000 1001010000 1101111000 
297 594 891 100101001 1001010010 1101111011 
298 596 894 100101010 1001010100 1101111110 
299 594 889 100101011 1001010010 1101111001 
300 584 868 100101100 1001001000 1101100100 
301 586 871 100101101 1001001010 1101100111 
302 596 890 100101110 1001010100 1101111010 
303 586 869 100101111 1001001010 1101100101 
304 544 784 100110000 1000100000 1100010000 
305 546 787 100110001 1000100010 1100010011 
306 548 790 100110010 1000100100 1100010110 
307 546 785 100110011 1000100010 1100010001 
308 552 796 100110100 1000101000 1100011100 
309 554 799 100110101 1000101010 1100011111 
310 548 786 100110110 1000100100 1100010010 
311 554 797 100110111 1000101010 1100011101 
312 592 872 100111000 1001010000 1101101000 
313 594 875 100111001 1001010010 1101101011 
314 596 878 100111010 1001010100 1101101110 
315 594 873 100111011 1001010010 1101101001 
316 552 788 100111100 1000101000 1100010100 
317 554 791 100111101 1000101010 1100010111 
318 596 874 100111110 1001010100 1101101010 
319 554 789 100111111 1000101010 1100010101 
320 640 960 101000000 1010000000 1111000000 
321 642 963 101000001 1010000010 1111000011 
322 644 966 101000010 1010000100 1111000110 
323 642 961 101000011 1010000010 1111000001 
324 648 972 101000100 1010001000 1111001100 
325 650 975 101000101 1010001010 1111001111 
326 644 962 101000110 1010000100 1111000010 
327 650 973 101000111 1010001010 1111001101 
328 656 984 101001000 1010010000 1111011000 
329 658 987 101001001 1010010010 1111011011 
330 660 990 101001010 1010010100 1111011110 
331 658 985 101001011 1010010010 1111011001 
332 648 964 101001100 1010001000 1111000100 
333 650 967 101001101 1010001010 1111000111 
334 660 986 101001110 1010010100 1111011010 
335 650 965 101001111 1010001010 1111000101 
336 672 1008 101010000 1010100000 1111110000 
337 674 1011 101010001 1010100010 1111110011 
338 676 1014 101010010 1010100100 1111110110 
339 674 1009 101010011 1010100010 1111110001 
340 680 1020 101010100 1010101000 1111111100 
341 682 1023 101010101 1010101010 1111111111 
342 676 1010 101010110 1010100100 1111110010 
343 682 1021 101010111 1010101010 1111111101 
344 656 968 101011000 1010010000 1111001000 
345 658 971 101011001 1010010010 1111001011 
346 660 974 101011010 1010010100 1111001110 
347 658 969 101011011 1010010010 1111001001 
348 680 1012 101011100 1010101000 1111110100 
349 682 1015 101011101 1010101010 1111110111 
350 660 970 101011110 1010010100 1111001010 
351 682 1013 101011111 1010101010 1111110101 
352 576 800 101100000 1001000000 1100100000 
353 578 803 101100001 1001000010 1100100011 
354 580 806 101100010 1001000100 1100100110 
355 578 801 101100011 1001000010 1100100001 
356 584 812 101100100 1001001000 1100101100 
357 586 815 101100101 1001001010 1100101111 
358 580 802 101100110 1001000100 1100100010 
359 586 813 101100111 1001001010 1100101101 
360 592 824 101101000 1001010000 1100111000 
361 594 827 101101001 1001010010 1100111011 
362 596 830 101101010 1001010100 1100111110 
363 594 825 101101011 1001010010 1100111001 
364 584 804 101101100 1001001000 1100100100 
365 586 807 101101101 1001001010 1100100111 
366 596 826 101101110 1001010100 1100111010 
367 586 805 101101111 1001001010 1100100101 
368 672 976 101110000 1010100000 1111010000 
369 674 979 101110001 1010100010 1111010011 
370 676 982 101110010 1010100100 1111010110 
371 674 977 101110011 1010100010 1111010001 
372 680 988 101110100 1010101000 1111011100 
373 682 991 101110101 1010101010 1111011111 
374 676 978 101110110 1010100100 1111010010 
375 682 989 101110111 1010101010 1111011101 
376 592 808 101111000 1001010000 1100101000 
377 594 811 101111001 1001010010 1100101011 
378 596 814 101111010 1001010100 1100101110 
379 594 809 101111011 1001010010 1100101001 
380 680 980 101111100 1010101000 1111010100 
381 682 983 101111101 1010101010 1111010111 
382 596 810 101111110 1001010100 1100101010 
383 682 981 101111111 1010101010 1111010101 
448 640 832 111000000 1010000000 1101000000 
449 642 835 111000001 1010000010 1101000011 
450 644 838 111000010 1010000100 1101000110 
451 642 833 111000011 1010000010 1101000001 
452 648 844 111000100 1010001000 1101001100 
453 650 847 111000101 1010001010 1101001111 
454 644 834 111000110 1010000100 1101000010 
455 650 845 111000111 1010001010 1101001101 
456 656 856 111001000 1010010000 1101011000 
457 658 859 111001001 1010010010 1101011011 
458 660 862 111001010 1010010100 1101011110 
459 658 857 111001011 1010010010 1101011001 
460 648 836 111001100 1010001000 1101000100 
461 650 839 111001101 1010001010 1101000111 
462 660 858 111001110 1010010100 1101011010 
463 650 837 111001111 1010001010 1101000101 
464 672 880 111010000 1010100000 1101110000 
465 674 883 111010001 1010100010 1101110011 
466 676 886 111010010 1010100100 1101110110 
467 674 881 111010011 1010100010 1101110001 
468 680 892 111010100 1010101000 1101111100 
469 682 895 111010101 1010101010 1101111111 
470 676 882 111010110 1010100100 1101110010 
471 682 893 111010111 1010101010 1101111101 
472 656 840 111011000 1010010000 1101001000 
473 658 843 111011001 1010010010 1101001011 
474 660 846 111011010 1010010100 1101001110 
475 658 841 111011011 1010010010 1101001001 
476 680 884 111011100 1010101000 1101110100 
477 682 887 111011101 1010101010 1101110111 
478 660 842 111011110 1010010100 1101001010 
479 682 885 111011111 1010101010 1101110101 
496 672 848 111110000 1010100000 1101010000 
497 674 851 111110001 1010100010 1101010011 
498 676 854 111110010 1010100100 1101010110 
499 674 849 111110011 1010100010 1101010001 
500 680 860 111110100 1010101000 1101011100 
501 682 863 111110101 1010101010 1101011111 
502 676 850 111110110 1010100100 1101010010 
503 682 861 111110111 1010101010 1101011101 
508 680 852 111111100 1010101000 1101010100 
509 682 855 111111101 1010101010 1101010111 
511 682 853 111111111 1010101010 1101010101 
