302
1 1000000
100000 310
100619 309
101236 308
101851 307
102464 306
103075 305
103684 304
104291 303
104896 302
105499 301
106100 300
106699 299
107296 298
107891 297
108484 296
109075 295
109664 294
110251 293
110836 292
111419 291
112000 290
112579 289
113156 288
113731 287
114304 286
114875 285
115444 284
116011 283
116576 282
117139 281
117700 280
118259 279
118816 278
119371 277
119924 276
120475 275
121024 274
121571 273
122116 272
122659 271
123200 270
123739 269
124276 268
124811 267
125344 266
125875 265
126404 264
126931 263
127456 262
127979 261
128500 260
129019 259
129536 258
130051 257
130564 256
131075 255
131584 254
132091 253
132596 252
133099 251
133600 250
134099 249
134596 248
135091 247
135584 246
136075 245
136564 244
137051 243
137536 242
138019 241
138500 240
138979 239
139456 238
139931 237
140404 236
140875 235
141344 234
141811 233
142276 232
142739 231
143200 230
143659 229
144116 228
144571 227
145024 226
145475 225
145924 224
146371 223
146816 222
147259 221
147700 220
148139 219
148576 218
149011 217
149444 216
149875 215
150304 214
150731 213
151156 212
151579 211
152000 210
152419 209
152836 208
153251 207
153664 206
154075 205
154484 204
154891 203
155296 202
155699 201
156100 200
156499 199
156896 198
157291 197
157684 196
158075 195
158464 194
158851 193
159236 192
159619 191
160000 190
160379 189
160756 188
161131 187
161504 186
161875 185
162244 184
162611 183
162976 182
163339 181
163700 180
164059 179
164416 178
164771 177
165124 176
165475 175
165824 174
166171 173
166516 172
166859 171
167200 170
167539 169
167876 168
168211 167
168544 166
168875 165
169204 164
169531 163
169856 162
170179 161
170500 160
170819 159
171136 158
171451 157
171764 156
172075 155
172384 154
172691 153
172996 152
173299 151
173600 150
173899 149
174196 148
174491 147
174784 146
175075 145
175364 144
175651 143
175936 142
176219 141
176500 140
176779 139
177056 138
177331 137
177604 136
177875 135
178144 134
178411 133
178676 132
178939 131
179200 130
179459 129
179716 128
179971 127
180224 126
180475 125
180724 124
180971 123
181216 122
181459 121
181700 120
181939 119
182176 118
182411 117
182644 116
182875 115
183104 114
183331 113
183556 112
183779 111
184000 110
184219 109
184436 108
184651 107
184864 106
185075 105
185284 104
185491 103
185696 102
185899 101
186100 100
186299 99
186496 98
186691 97
186884 96
187075 95
187264 94
187451 93
187636 92
187819 91
188000 90
188179 89
188356 88
188531 87
188704 86
188875 85
189044 84
189211 83
189376 82
189539 81
189700 80
189859 79
190016 78
190171 77
190324 76
190475 75
190624 74
190771 73
190916 72
191059 71
191200 70
191339 69
191476 68
191611 67
191744 66
191875 65
192004 64
192131 63
192256 62
192379 61
192500 60
192619 59
192736 58
192851 57
192964 56
193075 55
193184 54
193291 53
193396 52
193499 51
193600 50
193699 49
193796 48
193891 47
193984 46
194075 45
194164 44
194251 43
194336 42
194419 41
194500 40
194579 39
194656 38
194731 37
194804 36
194875 35
194944 34
195011 33
195076 32
195139 31
195200 30
195259 29
195316 28
195371 27
195424 26
195475 25
195524 24
195571 23
195616 22
195659 21
195700 20
195739 19
195776 18
195811 17
195844 16
195875 15
195904 14
195931 13
195956 12
195979 11
1000000 1000000
